###############################################################################
#
# IAR ELF Linker V7.40.3.8902/W32 for ARM                 17/Nov/2025  09:33:42
# Copyright 2007-2015 IAR Systems AB.
#
#    Output file  =  
#        D:\Turbo Fan\Codes\14030723 BLDC-valve2 added\Debug\Exe\SVC2_3.out
#    Map file     =  
#        D:\Turbo Fan\Codes\14030723 BLDC-valve2 added\Debug\List\SVC2_3.map
#    Command line =  
#        "D:\Turbo Fan\Codes\14030723 BLDC-valve2 added\Debug\Obj\A2D_2.o"
#        "D:\Turbo Fan\Codes\14030723 BLDC-valve2 added\Debug\Obj\Algorithm.o"
#        "D:\Turbo Fan\Codes\14030723 BLDC-valve2
#        added\Debug\Obj\Flow_EXH_Sensirion.o" "D:\Turbo Fan\Codes\14030723
#        BLDC-valve2 added\Debug\Obj\Init_2.o" "D:\Turbo Fan\Codes\14030723
#        BLDC-valve2 added\Debug\Obj\ISR_2.o" "D:\Turbo Fan\Codes\14030723
#        BLDC-valve2 added\Debug\Obj\main.o" "D:\Turbo Fan\Codes\14030723
#        BLDC-valve2 added\Debug\Obj\misc.o" "D:\Turbo Fan\Codes\14030723
#        BLDC-valve2 added\Debug\Obj\Pressure_INHEXH_HoneyWell_1.o" "D:\Turbo
#        Fan\Codes\14030723 BLDC-valve2 added\Debug\Obj\startup_stm32f40xx.o"
#        "D:\Turbo Fan\Codes\14030723 BLDC-valve2
#        added\Debug\Obj\stm32f4xx_adc.o" "D:\Turbo Fan\Codes\14030723
#        BLDC-valve2 added\Debug\Obj\stm32f4xx_exti.o" "D:\Turbo
#        Fan\Codes\14030723 BLDC-valve2 added\Debug\Obj\stm32f4xx_gpio.o"
#        "D:\Turbo Fan\Codes\14030723 BLDC-valve2
#        added\Debug\Obj\stm32f4xx_i2c.o" "D:\Turbo Fan\Codes\14030723
#        BLDC-valve2 added\Debug\Obj\stm32f4xx_it.o" "D:\Turbo
#        Fan\Codes\14030723 BLDC-valve2 added\Debug\Obj\stm32f4xx_iwdg.o"
#        "D:\Turbo Fan\Codes\14030723 BLDC-valve2
#        added\Debug\Obj\stm32f4xx_rcc.o" "D:\Turbo Fan\Codes\14030723
#        BLDC-valve2 added\Debug\Obj\stm32f4xx_spi.o" "D:\Turbo
#        Fan\Codes\14030723 BLDC-valve2 added\Debug\Obj\stm32f4xx_syscfg.o"
#        "D:\Turbo Fan\Codes\14030723 BLDC-valve2
#        added\Debug\Obj\stm32f4xx_tim.o" "D:\Turbo Fan\Codes\14030723
#        BLDC-valve2 added\Debug\Obj\stm32f4xx_usart.o" "D:\Turbo
#        Fan\Codes\14030723 BLDC-valve2 added\Debug\Obj\system_stm32f4xx.o"
#        "D:\Turbo Fan\Codes\14030723 BLDC-valve2 added\Debug\Obj\Timer_1.o"
#        "D:\Turbo Fan\Codes\14030723 BLDC-valve2 added\Debug\Obj\Usart_3.o" -o
#        "D:\Turbo Fan\Codes\14030723 BLDC-valve2 added\Debug\Exe\SVC2_3.out"
#        --map "D:\Turbo Fan\Codes\14030723 BLDC-valve2
#        added\Debug\List\SVC2_3.map" --config "D:\Turbo Fan\Codes\14030723
#        BLDC-valve2 added\config\stm32f4xx_flash.icf" --semihosting --entry
#        __iar_program_start --vfe
#
###############################################################################

*******************************************************************************
*** RUNTIME MODEL ATTRIBUTES
***

CppFlavor       = *
__SystemLibrary = DLib


*******************************************************************************
*** PLACEMENT SUMMARY
***

"A1":  place at 0x08000000 { ro section .intvec };
"P1":  place in [from 0x08000000 to 0x080fffff] { ro };
"P2":  place in [from 0x20000000 to 0x2001ffff] { rw, block CSTACK, block HEAP };

  Section            Kind        Address    Size  Object
  -------            ----        -------    ----  ------
"A1":                                      0x188
  .intvec            ro code  0x08000000   0x188  startup_stm32f40xx.o [1]
                            - 0x08000188   0x188

"P1":                                     0x49b8
  .text              ro code  0x08000188   0xab4  Timer_1.o [1]
  .text              ro code  0x08000c3c   0x1b0  stm32f4xx_rcc.o [1]
  .text              ro code  0x08000dec   0x30e  stm32f4xx_tim.o [1]
  .text              ro code  0x080010fa    0x12  stm32f4xx_it.o [1]
  .text              ro code  0x0800110c    0x8c  misc.o [1]
  .text              ro code  0x08001198    0x1c  I32ToDbl.o [4]
  .text              ro code  0x080011b4   0x1a2  DblMul.o [4]
  .text              ro code  0x08001358   0x256  DblDiv.o [4]
  .text              ro code  0x080015b0    0x90  DblToFlt.o [4]
  .text              ro code  0x08001640    0x4e  FltToDbl.o [4]
  .text              ro code  0x08001690    0xe8  DblAdd.o [4]
  .text              ro code  0x08001778   0x13e  stm32f4xx_gpio.o [1]
  .text              ro code  0x080018b8   0x16c  DblSub.o [4]
  .text              ro code  0x08001a24   0x7e8  Flow_EXH_Sensirion.o [1]
  .text              ro code  0x0800220c   0x7c4  Init_2.o [1]
  .text              ro code  0x080029d0   0x154  stm32f4xx_i2c.o [1]
  .text              ro code  0x08002b24    0x56  ABImemcpy_unaligned.o [5]
  .text              ro code  0x08002b7a     0x4  Algorithm.o [1]
  .text              ro code  0x08002b80    0x30  stm32f4xx_iwdg.o [1]
  .text              ro code  0x08002bb0   0x1be  stm32f4xx_adc.o [1]
  .text              ro code  0x08002d70    0x54  stm32f4xx_syscfg.o [1]
  .text              ro code  0x08002dc4    0xc0  stm32f4xx_exti.o [1]
  .text              ro code  0x08002e84   0x208  stm32f4xx_usart.o [1]
  .text              ro code  0x0800308c    0xee  stm32f4xx_spi.o [1]
  .rodata            const    0x0800317c   0x640  Init_2.o [1]
  .text              ro code  0x080037bc   0x4e0  main.o [1]
  .text              ro code  0x08003c9c   0x304  ISR_2.o [1]
  .text              ro code  0x08003fa0    0xa0  Pressure_INHEXH_HoneyWell_1.o [1]
  .text              ro code  0x08004040   0x200  A2D_2.o [1]
  .text              ro code  0x08004240   0x200  Usart_3.o [1]
  .text              ro code  0x08004440    0x4c  DblToI32.o [4]
  .text              ro code  0x0800448c   0x150  system_stm32f4xx.o [1]
  .rodata            const    0x080045dc   0x130  A2D_2.o [1]
  .text              ro code  0x0800470c    0x40  zero_init3.o [5]
  .text              ro code  0x0800474c    0x2c  copy_init3.o [5]
  .text              ro code  0x08004778    0x28  data_init.o [5]
  .rodata            const    0x080047a0    0x24  Init_2.o [1]
  .rodata            const    0x080047c4    0x24  Init_2.o [1]
  .text              ro code  0x080047e8    0x22  fpinit_M.o [4]
  .iar.init_table    const    0x0800480c    0x24  - Linker created -
  .text              ro code  0x08004830    0x1a  cmain.o [5]
  .text              ro code  0x0800484a     0x4  low_level_init.o [3]
  .text              ro code  0x0800484e     0x4  exit.o [3]
  .text              ro code  0x08004854     0xa  cexit.o [5]
  .text              ro code  0x08004860    0x14  exit.o [6]
  .rodata            const    0x08004874    0x14  Init_2.o [1]
  .text              ro code  0x08004888    0x10  startup_stm32f40xx.o [1]
  .text              ro code  0x08004898     0xc  cstartup_M.o [5]
  .text              ro code  0x080048a4     0x4  startup_stm32f40xx.o [1]
  .text              ro code  0x080048a8     0x4  startup_stm32f40xx.o [1]
  .text              ro code  0x080048ac     0x4  startup_stm32f40xx.o [1]
  .text              ro code  0x080048b0     0x4  startup_stm32f40xx.o [1]
  .text              ro code  0x080048b4     0x4  startup_stm32f40xx.o [1]
  .text              ro code  0x080048b8     0x4  startup_stm32f40xx.o [1]
  .text              ro code  0x080048bc     0x4  startup_stm32f40xx.o [1]
  .text              ro code  0x080048c0     0x4  startup_stm32f40xx.o [1]
  .text              ro code  0x080048c4     0x4  startup_stm32f40xx.o [1]
  .text              ro code  0x080048c8     0x4  startup_stm32f40xx.o [1]
  .text              ro code  0x080048cc     0x4  startup_stm32f40xx.o [1]
  .text              ro code  0x080048d0     0x4  startup_stm32f40xx.o [1]
  .text              ro code  0x080048d4     0x4  startup_stm32f40xx.o [1]
  .text              ro code  0x080048d8     0x4  startup_stm32f40xx.o [1]
  .text              ro code  0x080048dc     0x4  startup_stm32f40xx.o [1]
  .text              ro code  0x080048e0     0x4  startup_stm32f40xx.o [1]
  .text              ro code  0x080048e4     0x4  startup_stm32f40xx.o [1]
  .text              ro code  0x080048e8     0x4  startup_stm32f40xx.o [1]
  .text              ro code  0x080048ec     0x4  startup_stm32f40xx.o [1]
  .text              ro code  0x080048f0     0x4  startup_stm32f40xx.o [1]
  .text              ro code  0x080048f4     0x4  startup_stm32f40xx.o [1]
  .text              ro code  0x080048f8     0x4  startup_stm32f40xx.o [1]
  .text              ro code  0x080048fc     0x4  startup_stm32f40xx.o [1]
  .text              ro code  0x08004900     0x4  startup_stm32f40xx.o [1]
  .text              ro code  0x08004904     0x4  startup_stm32f40xx.o [1]
  .text              ro code  0x08004908     0x4  startup_stm32f40xx.o [1]
  .text              ro code  0x0800490c     0x4  startup_stm32f40xx.o [1]
  .text              ro code  0x08004910     0x4  startup_stm32f40xx.o [1]
  .text              ro code  0x08004914     0x4  startup_stm32f40xx.o [1]
  .text              ro code  0x08004918     0x4  startup_stm32f40xx.o [1]
  .text              ro code  0x0800491c     0x4  startup_stm32f40xx.o [1]
  .text              ro code  0x08004920     0x4  startup_stm32f40xx.o [1]
  .text              ro code  0x08004924     0x4  startup_stm32f40xx.o [1]
  .text              ro code  0x08004928     0x4  startup_stm32f40xx.o [1]
  .text              ro code  0x0800492c     0x4  startup_stm32f40xx.o [1]
  .text              ro code  0x08004930     0x4  startup_stm32f40xx.o [1]
  .text              ro code  0x08004934     0x4  startup_stm32f40xx.o [1]
  .text              ro code  0x08004938     0x4  startup_stm32f40xx.o [1]
  .text              ro code  0x0800493c     0x4  startup_stm32f40xx.o [1]
  .text              ro code  0x08004940     0x4  startup_stm32f40xx.o [1]
  .text              ro code  0x08004944     0x4  startup_stm32f40xx.o [1]
  .text              ro code  0x08004948     0x4  startup_stm32f40xx.o [1]
  .text              ro code  0x0800494c     0x4  startup_stm32f40xx.o [1]
  .text              ro code  0x08004950     0x4  startup_stm32f40xx.o [1]
  .text              ro code  0x08004954     0x4  startup_stm32f40xx.o [1]
  .text              ro code  0x08004958     0x4  startup_stm32f40xx.o [1]
  .text              ro code  0x0800495c     0x4  startup_stm32f40xx.o [1]
  .text              ro code  0x08004960     0x4  startup_stm32f40xx.o [1]
  .text              ro code  0x08004964     0x4  startup_stm32f40xx.o [1]
  .text              ro code  0x08004968     0x4  startup_stm32f40xx.o [1]
  .text              ro code  0x0800496c     0x4  startup_stm32f40xx.o [1]
  .text              ro code  0x08004970     0x4  startup_stm32f40xx.o [1]
  .text              ro code  0x08004974     0x4  startup_stm32f40xx.o [1]
  .text              ro code  0x08004978     0x4  startup_stm32f40xx.o [1]
  .text              ro code  0x0800497c     0x4  startup_stm32f40xx.o [1]
  .text              ro code  0x08004980     0x4  startup_stm32f40xx.o [1]
  .text              ro code  0x08004984     0x4  startup_stm32f40xx.o [1]
  .text              ro code  0x08004988     0x4  startup_stm32f40xx.o [1]
  .text              ro code  0x0800498c     0x4  startup_stm32f40xx.o [1]
  .text              ro code  0x08004990     0x4  startup_stm32f40xx.o [1]
  .text              ro code  0x08004994     0x4  startup_stm32f40xx.o [1]
  .text              ro code  0x08004998     0x4  startup_stm32f40xx.o [1]
  .text              ro code  0x0800499c     0x4  startup_stm32f40xx.o [1]
  .text              ro code  0x080049a0     0x4  startup_stm32f40xx.o [1]
  .text              ro code  0x080049a4     0x4  startup_stm32f40xx.o [1]
  .text              ro code  0x080049a8     0x4  startup_stm32f40xx.o [1]
  .text              ro code  0x080049ac     0x4  startup_stm32f40xx.o [1]
  .text              ro code  0x080049b0     0x4  startup_stm32f40xx.o [1]
  .text              ro code  0x080049b4     0x4  startup_stm32f40xx.o [1]
  .text              ro code  0x080049b8     0x4  startup_stm32f40xx.o [1]
  .text              ro code  0x080049bc     0x4  startup_stm32f40xx.o [1]
  .text              ro code  0x080049c0     0x4  startup_stm32f40xx.o [1]
  .text              ro code  0x080049c4     0x4  startup_stm32f40xx.o [1]
  .text              ro code  0x080049c8     0x4  startup_stm32f40xx.o [1]
  .text              ro code  0x080049cc     0x4  startup_stm32f40xx.o [1]
  .text              ro code  0x080049d0     0x4  startup_stm32f40xx.o [1]
  .text              ro code  0x080049d4     0x4  startup_stm32f40xx.o [1]
  .rodata            const    0x080049d8     0x0  zero_init3.o [5]
  .rodata            const    0x080049d8     0x0  copy_init3.o [5]
  Initializer bytes  const    0x080049d8   0x168  <for P2 s0>
                            - 0x08004b40  0x49b8

"P2":                                     0x12a0
  P2 s0                       0x20000000   0x168  <Init block>
    .data            inited   0x20000000    0x94  main.o [1]
    .data            inited   0x20000094    0x94  main.o [1]
    .data            inited   0x20000128    0x10  stm32f4xx_rcc.o [1]
    .data            inited   0x20000138     0xc  Flow_EXH_Sensirion.o [1]
    .data            inited   0x20000144     0xc  main.o [1]
    .data            inited   0x20000150     0x4  main.o [1]
    .data            inited   0x20000154     0x4  main.o [1]
    .data            inited   0x20000158     0x4  main.o [1]
    .data            inited   0x2000015c     0x4  main.o [1]
    .data            inited   0x20000160     0x2  ISR_2.o [1]
    .data            inited   0x20000162     0x1  A2D_2.o [1]
    .data            inited   0x20000163     0x1  Flow_EXH_Sensirion.o [1]
    .data            inited   0x20000164     0x1  ISR_2.o [1]
  .bss               zero     0x20000168    0x18  Init_2.o [1]
  .bss               zero     0x20000180    0x18  ISR_2.o [1]
  .bss               zero     0x20000198    0x14  Init_2.o [1]
  .bss               zero     0x200001ac    0x14  Timer_1.o [1]
  .bss               zero     0x200001c0    0x14  Usart_3.o [1]
  .bss               zero     0x200001d4    0x14  Usart_3.o [1]
  .bss               zero     0x200001e8    0x10  Init_2.o [1]
  .bss               zero     0x200001f8    0x10  Init_2.o [1]
  .bss               zero     0x20000208    0x10  Usart_3.o [1]
  .bss               zero     0x20000218     0xc  A2D_2.o [1]
  .bss               zero     0x20000224     0xc  main.o [1]
  .bss               zero     0x20000230     0xc  Timer_1.o [1]
  .bss               zero     0x2000023c     0x8  Init_2.o [1]
  .bss               zero     0x20000244     0x8  Init_2.o [1]
  .bss               zero     0x2000024c     0x4  Flow_EXH_Sensirion.o [1]
  .bss               zero     0x20000250     0x4  Flow_EXH_Sensirion.o [1]
  .bss               zero     0x20000254     0x4  Flow_EXH_Sensirion.o [1]
  .bss               zero     0x20000258     0x4  Flow_EXH_Sensirion.o [1]
  .bss               zero     0x2000025c     0x4  Flow_EXH_Sensirion.o [1]
  .bss               zero     0x20000260     0x4  Init_2.o [1]
  .bss               zero     0x20000264     0x4  ISR_2.o [1]
  .bss               zero     0x20000268     0x4  main.o [1]
  .bss               zero     0x2000026c     0x4  main.o [1]
  .bss               zero     0x20000270     0x4  main.o [1]
  .bss               zero     0x20000274     0x4  Timer_1.o [1]
  .bss               zero     0x20000278     0x4  Timer_1.o [1]
  .bss               zero     0x2000027c     0x4  Timer_1.o [1]
  .bss               zero     0x20000280     0x4  Usart_3.o [1]
  .bss               zero     0x20000284     0x2  A2D_2.o [1]
  .bss               zero     0x20000286     0x2  Flow_EXH_Sensirion.o [1]
  .bss               zero     0x20000288     0x2  main.o [1]
  .bss               zero     0x2000028a     0x2  main.o [1]
  .bss               zero     0x2000028c     0x2  main.o [1]
  .bss               zero     0x2000028e     0x1  Flow_EXH_Sensirion.o [1]
  .bss               zero     0x2000028f     0x1  Flow_EXH_Sensirion.o [1]
  .bss               zero     0x20000290     0x1  Flow_EXH_Sensirion.o [1]
  .bss               zero     0x20000291     0x1  ISR_2.o [1]
  .bss               zero     0x20000292     0x1  ISR_2.o [1]
  .bss               zero     0x20000293     0x1  ISR_2.o [1]
  .bss               zero     0x20000294     0x1  main.o [1]
  .bss               zero     0x20000295     0x1  main.o [1]
  .bss               zero     0x20000296     0x1  Timer_1.o [1]
  .bss               zero     0x20000297     0x1  Usart_3.o [1]
  .bss               zero     0x20000298     0x1  Usart_3.o [1]
  .bss               zero     0x20000299     0x1  Usart_3.o [1]
  .bss               zero     0x2000029a     0x1  Usart_3.o [1]
  .bss               zero     0x2000029b     0x1  Usart_3.o [1]
  .bss               zero     0x2000029c     0x1  Usart_3.o [1]
  CSTACK                      0x200002a0  0x1000  <Block>
    CSTACK           uninit   0x200002a0  0x1000  <Block tail>
                            - 0x200012a0  0x12a0


*******************************************************************************
*** INIT TABLE
***

          Address     Size
          -------     ----
Zero (__iar_zero_init3)
    1 destination range, total size 0x135:
          0x20000168  0x135

Copy (__iar_copy_init3)
    1 source range, total size 0x168 (100% of destination):
          0x080049d8  0x168
    1 destination range, total size 0x165:
          0x20000000  0x165



*******************************************************************************
*** MODULE SUMMARY
***

    Module                         ro code  ro data  rw data
    ------                         -------  -------  -------
D:\Turbo Fan\Codes\14030723 BLDC-valve2 added\Debug\Obj: [1]
    A2D_2.o                            512      305       15
    Algorithm.o                          4
    Flow_EXH_Sensirion.o             2 024       13       38
    ISR_2.o                            772        3       34
    Init_2.o                         1 988    1 692       96
    Pressure_INHEXH_HoneyWell_1.o      160
    Timer_1.o                        2 740                45
    Usart_3.o                          512                66
    main.o                           1 248      324      356
    misc.o                             140
    startup_stm32f40xx.o               716
    stm32f4xx_adc.o                    446
    stm32f4xx_exti.o                   192
    stm32f4xx_gpio.o                   318
    stm32f4xx_i2c.o                    340
    stm32f4xx_it.o                      18
    stm32f4xx_iwdg.o                    48
    stm32f4xx_rcc.o                    432       16       16
    stm32f4xx_spi.o                    238
    stm32f4xx_syscfg.o                  84
    stm32f4xx_tim.o                    782
    stm32f4xx_usart.o                  520
    system_stm32f4xx.o                 336
    --------------------------------------------------------
    Total:                          14 570    2 353      666

command line: [2]
    --------------------------------------------------------
    Total:

dl7M_tln.a: [3]
    exit.o                               4
    low_level_init.o                     4
    --------------------------------------------------------
    Total:                               8

m7M_tls.a: [4]
    DblAdd.o                           232
    DblDiv.o                           598
    DblMul.o                           418
    DblSub.o                           364
    DblToFlt.o                         144
    DblToI32.o                          76
    FltToDbl.o                          78
    I32ToDbl.o                          28
    fpinit_M.o                          34
    --------------------------------------------------------
    Total:                           1 972

rt7M_tl.a: [5]
    ABImemcpy_unaligned.o               86
    cexit.o                             10
    cmain.o                             26
    copy_init3.o                        44
    cstartup_M.o                        12
    data_init.o                         40
    zero_init3.o                        64
    --------------------------------------------------------
    Total:                             282

shb_l.a: [6]
    exit.o                              20
    --------------------------------------------------------
    Total:                              20

    Gaps                                16        4
    Linker created                               39    4 096
------------------------------------------------------------
    Grand Total:                    16 868    2 396    4 762


*******************************************************************************
*** ENTRY LIST
***

Entry                      Address   Size  Type      Object
-----                      -------   ----  ----      ------
.iar.init_table$$Base   0x0800480c          --   Gb  - Linker created -
.iar.init_table$$Limit  0x08004830          --   Gb  - Linker created -
?main                   0x08004831         Code  Gb  cmain.o [5]
A2D_Channel             0x20000162    0x1  Data  Gb  A2D_2.o [1]
ADC1_ConfigPeriph       0x0800233f   0xc0  Code  Gb  Init_2.o [1]
ADC_Cmd                 0x08002c23   0x1a  Code  Gb  stm32f4xx_adc.o [1]
ADC_CommonInit          0x08002c01   0x22  Code  Gb  stm32f4xx_adc.o [1]
ADC_Data                0x20000218    0xc  Data  Gb  A2D_2.o [1]
ADC_GetConversionValue  0x08002d3d    0x6  Code  Gb  stm32f4xx_adc.o [1]
ADC_GetFlagStatus       0x08002d55   0x1a  Code  Gb  stm32f4xx_adc.o [1]
ADC_Init                0x08002bb1   0x50  Code  Gb  stm32f4xx_adc.o [1]
ADC_InitStruct          0x20000168   0x18  Data  Gb  Init_2.o [1]
ADC_RegularChannelConfig
                        0x08002c3d   0xf6  Code  Gb  stm32f4xx_adc.o [1]
ADC_Service             0x08004089  0x1a0  Code  Gb  A2D_2.o [1]
ADC_SoftwareStartConv   0x08002d33    0xa  Code  Gb  stm32f4xx_adc.o [1]
APBAHBPrescTable        0x20000128   0x10  Data  Lc  stm32f4xx_rcc.o [1]
Algorithm_Init          0x08002b7d    0x2  Code  Gb  Algorithm.o [1]
Algorithm_Service       0x08002b7b    0x2  Code  Gb  Algorithm.o [1]
AllowCommand_FLG        0x20000164    0x1  Data  Gb  ISR_2.o [1]
BusFault_Handler        0x08001101    0x2  Code  Gb  stm32f4xx_it.o [1]
COM1                    0x200001c0   0x14  Data  Gb  Usart_3.o [1]
CSTACK$$Base            0x200002a0          --   Gb  - Linker created -
CSTACK$$Limit           0x200012a0          --   Gb  - Linker created -
Check_Connect           0x08002145   0x7e  Code  Gb  Flow_EXH_Sensirion.o [1]
Control                 0x08000689  0x14e  Code  Gb  Timer_1.o [1]
Control_Flow            0x080007d9   0xec  Code  Gb  Timer_1.o [1]
DATA_Sensors            0x20000224    0xc  Data  Gb  main.o [1]
DebugMon_Handler        0x08001107    0x2  Code  Gb  stm32f4xx_it.o [1]
EXHData                 0x2000025c    0x4  Data  Gb  Flow_EXH_Sensirion.o [1]
EXH_DATACMD_Buffer      0x20000138    0xc  Data  Gb  Flow_EXH_Sensirion.o [1]
EXH_DMARCV_Buffer_Data  0x20000286    0x2  Data  Gb  Flow_EXH_Sensirion.o [1]
EXTI0_IRQHandler        0x08003e53    0xe  Code  Gb  ISR_2.o [1]
EXTI9_5_IRQHandler      0x08003e2b   0x28  Code  Gb  ISR_2.o [1]
EXTI_ClearITPendingBit  0x08002e67    0x6  Code  Gb  stm32f4xx_exti.o [1]
EXTI_GetITStatus        0x08002e4d   0x1a  Code  Gb  stm32f4xx_exti.o [1]
EXTI_Init               0x08002dc5   0x88  Code  Gb  stm32f4xx_exti.o [1]
EXTI_InitStruct         0x20000244    0x8  Data  Gb  Init_2.o [1]
ExtIT_ConfigPort        0x080023ff   0xd6  Code  Gb  Init_2.o [1]
Find_R                  0x08004041   0x48  Code  Gb  A2D_2.o [1]
Flow_SENSIRION_EXH_ReadDATA
                        0x08001a25  0x33e  Code  Gb  Flow_EXH_Sensirion.o [1]
Flow_SENSIRION_EXH_ReadSN
                        0x08001d6d  0x1c6  Code  Gb  Flow_EXH_Sensirion.o [1]
Flowset                 0x2000028c    0x2  Data  Gb  main.o [1]
GPIO_ConfigPort         0x080024d5  0x1a6  Code  Gb  Init_2.o [1]
GPIO_Init               0x08001779   0xaa  Code  Gb  stm32f4xx_gpio.o [1]
GPIO_InitStructure      0x2000023c    0x8  Data  Gb  Init_2.o [1]
GPIO_PinAFConfig        0x0800185d   0x5a  Code  Gb  stm32f4xx_gpio.o [1]
GPIO_ReadInputDataBit   0x08001823   0x1a  Code  Gb  stm32f4xx_gpio.o [1]
GPIO_ResetBits          0x08001841    0x4  Code  Gb  stm32f4xx_gpio.o [1]
GPIO_SetBits            0x0800183d    0x4  Code  Gb  stm32f4xx_gpio.o [1]
GPIO_ToggleBits         0x08001853    0xa  Code  Gb  stm32f4xx_gpio.o [1]
GPIO_WriteBit           0x08001845    0xe  Code  Gb  stm32f4xx_gpio.o [1]
HallSensor              0x20000264    0x4  Data  Gb  ISR_2.o [1]
HallSensor_Service      0x08003ecd   0x92  Code  Gb  ISR_2.o [1]
HardFault_Handler       0x080010fd    0x2  Code  Gb  stm32f4xx_it.o [1]
I2C_CheckEvent          0x08002aed   0x38  Code  Gb  stm32f4xx_i2c.o [1]
I2C_Cmd                 0x08002ad1   0x1c  Code  Gb  stm32f4xx_i2c.o [1]
I2C_Init                0x080029d1   0xf2  Code  Gb  stm32f4xx_i2c.o [1]
I2C_InitStruct          0x200001f8   0x10  Data  Gb  Init_2.o [1]
I2C_Receive             0x08001f33  0x100  Code  Gb  Flow_EXH_Sensirion.o [1]
I2C_Timeout             0x2000024c    0x4  Data  Gb  Flow_EXH_Sensirion.o [1]
I2C_Transmit            0x08002033  0x112  Code  Gb  Flow_EXH_Sensirion.o [1]
IWDG_Enable             0x08002b99    0xa  Code  Gb  stm32f4xx_iwdg.o [1]
IWDG_SetPrescaler       0x08002b89    0x8  Code  Gb  stm32f4xx_iwdg.o [1]
IWDG_SetReload          0x08002b91    0x8  Code  Gb  stm32f4xx_iwdg.o [1]
IWDG_WriteAccessCmd     0x08002b81    0x8  Code  Gb  stm32f4xx_iwdg.o [1]
Init                    0x0800220d  0x132  Code  Gb  Init_2.o [1]
KI                      0x20000154    0x4  Data  Gb  main.o [1]
KI_Flow                 0x2000015c    0x4  Data  Gb  main.o [1]
KP                      0x20000150    0x4  Data  Gb  main.o [1]
KP_Flow                 0x20000158    0x4  Data  Gb  main.o [1]
MemManage_Handler       0x080010ff    0x2  Code  Gb  stm32f4xx_it.o [1]
MoveBLDC                0x08000989  0x244  Code  Gb  Timer_1.o [1]
NMI_Handler             0x080010fb    0x2  Code  Gb  stm32f4xx_it.o [1]
NVIC_Init               0x08001117   0x6e  Code  Gb  misc.o [1]
NVIC_InitStructure      0x20000260    0x4  Data  Gb  Init_2.o [1]
NVIC_PriorityGroupConfig
                        0x0800110d    0xa  Code  Gb  misc.o [1]
PWMS                    0x20000144    0xc  Data  Gb  main.o [1]
PWM_Timer1              0x080008c5   0xb4  Code  Gb  Timer_1.o [1]
PWM_arr                 0x20000094   0x94  Data  Gb  main.o [1]
PWM_ind                 0x2000026c    0x4  Data  Lc  main.o [1]
PendSV_Handler          0x08001109    0x2  Code  Gb  stm32f4xx_it.o [1]
Press_ISR_FLG           0x20000291    0x1  Data  Gb  ISR_2.o [1]
RCC_AHB1PeriphClockCmd  0x08000d51   0x1e  Code  Gb  stm32f4xx_rcc.o [1]
RCC_APB1PeriphClockCmd  0x08000d6f   0x1e  Code  Gb  stm32f4xx_rcc.o [1]
RCC_APB1PeriphResetCmd  0x08000dab   0x1e  Code  Gb  stm32f4xx_rcc.o [1]
RCC_APB2PeriphClockCmd  0x08000d8d   0x1e  Code  Gb  stm32f4xx_rcc.o [1]
RCC_GetClocksFreq       0x08000c3d  0x114  Code  Gb  stm32f4xx_rcc.o [1]
RCV_data                0x08004347   0xd2  Code  Gb  Usart_3.o [1]
RcvPWM                  0x20000208   0x10  Data  Gb  Usart_3.o [1]
ReachToTarget_Saffar    0x080004eb  0x19a  Code  Gb  Timer_1.o [1]
Read_Press_INH_EXH      0x08003fa1   0x76  Code  Gb  Pressure_INHEXH_HoneyWell_1.o [1]
Region$$Table$$Base     0x0800480c          --   Gb  - Linker created -
Region$$Table$$Limit    0x08004830          --   Gb  - Linker created -
Res_NTC                 0x20000284    0x2  Data  Gb  A2D_2.o [1]
SPI2_IRQHandler         0x08003ea5   0x28  Code  Gb  ISR_2.o [1]
SPI_Cmd                 0x080030cd   0x1c  Code  Gb  stm32f4xx_spi.o [1]
SPI_ConfigPeriph        0x080027e9  0x11a  Code  Gb  Init_2.o [1]
SPI_I2S_ClearITPendingBit
                        0x08003163   0x18  Code  Gb  stm32f4xx_spi.o [1]
SPI_I2S_GetITStatus     0x0800311d   0x46  Code  Gb  stm32f4xx_spi.o [1]
SPI_I2S_ITConfig        0x080030f1   0x2c  Code  Gb  stm32f4xx_spi.o [1]
SPI_I2S_ReceiveData     0x080030e9    0x4  Code  Gb  stm32f4xx_spi.o [1]
SPI_I2S_SendData        0x080030ed    0x4  Code  Gb  stm32f4xx_spi.o [1]
SPI_Init                0x0800308d   0x40  Code  Gb  stm32f4xx_spi.o [1]
SPI_InitStruct          0x20000198   0x14  Data  Gb  Init_2.o [1]
STM32F4_PortConfig      0x0800317c  0x640  Data  Gb  Init_2.o [1]
STM32F4_SPIConfig       0x080047c4   0x24  Data  Gb  Init_2.o [1]
STM32F4_USARTConfig     0x080047a0   0x24  Data  Gb  Init_2.o [1]
SVC_Handler             0x08001105    0x2  Code  Gb  stm32f4xx_it.o [1]
SYSCFG_EXTILineConfig   0x08002d71   0x50  Code  Gb  stm32f4xx_syscfg.o [1]
Sample_arr              0x20000000   0x94  Data  Gb  main.o [1]
SendCOM2                0x08004241  0x106  Code  Gb  Usart_3.o [1]
Sensirion_OFFset        0x20000254    0x4  Data  Gb  Flow_EXH_Sensirion.o [1]
Sensirion_SCALE         0x20000258    0x4  Data  Gb  Flow_EXH_Sensirion.o [1]
Sensirion_SN            0x20000250    0x4  Data  Gb  Flow_EXH_Sensirion.o [1]
SetPWM_EXH              0x080004af   0x1e  Code  Gb  Timer_1.o [1]
SetPWM_EXH2             0x080004cd   0x1e  Code  Gb  Timer_1.o [1]
SetSysClock             0x080044df   0xce  Code  Lc  system_stm32f4xx.o [1]
Set_PWM                 0x08000483   0x2c  Code  Gb  Timer_1.o [1]
SpeedMotor              0x20000280    0x4  Data  Gb  Usart_3.o [1]
SpeedSet                0x2000028a    0x2  Data  Gb  main.o [1]
SysTick_Handler         0x0800110b    0x2  Code  Gb  stm32f4xx_it.o [1]
SystemInit              0x0800448d   0x52  Code  Gb  system_stm32f4xx.o [1]
TIM2_IRQHandler         0x08003c9d  0x18e  Code  Gb  ISR_2.o [1]
TIM_CCxCmd              0x08001065   0x20  Code  Gb  stm32f4xx_tim.o [1]
TIM_ClearITPendingBit   0x080010f3    0x8  Code  Gb  stm32f4xx_tim.o [1]
TIM_Cmd                 0x08000e5f   0x1c  Code  Gb  stm32f4xx_tim.o [1]
TIM_ConfigPort          0x08000189   0x18  Code  Gb  Timer_1.o [1]
TIM_CtrlPWMOutputs      0x08001085   0x22  Code  Gb  stm32f4xx_tim.o [1]
TIM_GenerateEvent       0x080010bd    0x4  Code  Gb  stm32f4xx_tim.o [1]
TIM_GetCounter          0x08000e5b    0x4  Code  Gb  stm32f4xx_tim.o [1]
TIM_GetITStatus         0x080010c1   0x32  Code  Gb  stm32f4xx_tim.o [1]
TIM_ITConfig            0x080010a7   0x16  Code  Gb  stm32f4xx_tim.o [1]
TIM_OC1Init             0x08000e7b   0x7e  Code  Gb  stm32f4xx_tim.o [1]
TIM_OC1PreloadConfig    0x0800102d   0x12  Code  Gb  stm32f4xx_tim.o [1]
TIM_OC2Init             0x08000ef9   0x8c  Code  Gb  stm32f4xx_tim.o [1]
TIM_OC2PreloadConfig    0x0800103f   0x14  Code  Gb  stm32f4xx_tim.o [1]
TIM_OC3Init             0x08000f85   0x8a  Code  Gb  stm32f4xx_tim.o [1]
TIM_OC3PreloadConfig    0x08001053   0x12  Code  Gb  stm32f4xx_tim.o [1]
TIM_OCInitStruct        0x200001ac   0x14  Data  Gb  Timer_1.o [1]
TIM_SetCounter          0x08000e57    0x4  Code  Gb  stm32f4xx_tim.o [1]
TIM_TimeBaseInit        0x08000ded   0x6a  Code  Gb  stm32f4xx_tim.o [1]
TIM_TimeBaseInitStruct  0x20000230    0xc  Data  Gb  Timer_1.o [1]
Temperature_NTC         0x080045dc  0x130  Data  Gb  A2D_2.o [1]
TimeDel                 0x2000028e    0x1  Data  Gb  Flow_EXH_Sensirion.o [1]
Timer                   0x20000180   0x18  Data  Gb  ISR_2.o [1]
Timer_1_Initialize      0x080001a1   0xf8  Code  Gb  Timer_1.o [1]
Timer_2_Initialize      0x08000299   0x8a  Code  Gb  Timer_1.o [1]
Timer_3_Initialize      0x08000323   0x4e  Code  Gb  Timer_1.o [1]
Timer_4_Initialize      0x080003bd   0xc6  Code  Gb  Timer_1.o [1]
Timer_5_Initialize      0x08000371   0x4c  Code  Gb  Timer_1.o [1]
USART1_IRQHandler       0x08003e61   0x44  Code  Gb  ISR_2.o [1]
USART_ClearITPendingBit
                        0x08003069   0x24  Code  Gb  stm32f4xx_usart.o [1]
USART_Cmd               0x08002f81   0x1c  Code  Gb  stm32f4xx_usart.o [1]
USART_ConfigPeriph      0x0800267b  0x16e  Code  Gb  Init_2.o [1]
USART_GetITStatus       0x08002ffb   0x6e  Code  Gb  stm32f4xx_usart.o [1]
USART_ITConfig          0x08002fa5   0x56  Code  Gb  stm32f4xx_usart.o [1]
USART_Init              0x08002e85   0xee  Code  Gb  stm32f4xx_usart.o [1]
USART_InitStruct        0x200001e8   0x10  Data  Gb  Init_2.o [1]
USART_SendData          0x08002f9d    0x8  Code  Gb  stm32f4xx_usart.o [1]
UsageFault_Handler      0x08001103    0x2  Code  Gb  stm32f4xx_it.o [1]
Valve_CMD_FLG           0x20000292    0x1  Data  Gb  ISR_2.o [1]
__aeabi_d2f             0x080015b1         Code  Gb  DblToFlt.o [4]
__aeabi_d2iz            0x08004441         Code  Gb  DblToI32.o [4]
__aeabi_dadd            0x08001691         Code  Gb  DblAdd.o [4]
__aeabi_ddiv            0x08001359         Code  Gb  DblDiv.o [4]
__aeabi_dmul            0x080011b5         Code  Gb  DblMul.o [4]
__aeabi_f2d             0x08001641         Code  Gb  FltToDbl.o [4]
__aeabi_ui2d            0x08001199         Code  Gb  I32ToDbl.o [4]
__cmain                 0x08004831         Code  Gb  cmain.o [5]
__exit                  0x08004861   0x14  Code  Gb  exit.o [6]
__iar_copy_init3        0x0800474d   0x2c  Code  Gb  copy_init3.o [5]
__iar_d2uiz             0x0800446d         Code  Gb  DblToI32.o [4]
__iar_dadd              0x080016a5         Code  Gb  DblAdd.o [4]
__iar_data_init3        0x08004779   0x28  Code  Gb  data_init.o [5]
__iar_dsub              0x080018b9         Code  Gb  DblSub.o [4]
__iar_dsubStart         0x080018cb         Code  Gb  DblSub.o [4]
__iar_init_vfp          0x080047e9         Code  Gb  fpinit_M.o [4]
__iar_program_start     0x08004899         Code  Gb  cstartup_M.o [5]
__iar_ui2d              0x0800119d         Code  Gb  I32ToDbl.o [4]
__iar_unaligned___aeabi_memcpy4
                        0x08002b25         Code  Gb  ABImemcpy_unaligned.o [5]
__iar_unaligned___aeabi_memcpy8
                        0x08002b25         Code  Gb  ABImemcpy_unaligned.o [5]
__iar_zero_init3        0x0800470d   0x40  Code  Gb  zero_init3.o [5]
__low_level_init        0x0800484b    0x4  Code  Gb  low_level_init.o [3]
__vector_table          0x08000000         Data  Gb  startup_stm32f40xx.o [1]
_call_main              0x0800483d         Code  Gb  cmain.o [5]
_exit                   0x08004855         Code  Gb  cexit.o [5]
_main                   0x08004847         Code  Gb  cmain.o [5]
cnt_valve               0x20000270    0x4  Data  Lc  main.o [1]
cntest                  0x20000288    0x2  Data  Gb  main.o [1]
control_mode            0x20000294    0x1  Data  Gb  main.o [1]
exit                    0x0800484f    0x4  Code  Gb  exit.o [3]
init_I2C                0x08002903   0x66  Code  Gb  Init_2.o [1]
iteration               0x20000295    0x1  Data  Gb  main.o [1]
main                    0x080037bd  0x4e0  Code  Gb  main.o [1]
speedtemp               0x20000268    0x4  Data  Gb  main.o [1]
t1_temp                 0x20000160    0x2  Data  Gb  ISR_2.o [1]


[1] = D:\Turbo Fan\Codes\14030723 BLDC-valve2 added\Debug\Obj
[2] = command line
[3] = dl7M_tln.a
[4] = m7M_tls.a
[5] = rt7M_tl.a
[6] = shb_l.a

  16 868 bytes of readonly  code memory
   2 396 bytes of readonly  data memory
   4 762 bytes of readwrite data memory

Errors: none
Warnings: none
