###############################################################################
#
# IAR ANSI C/C++ Compiler V7.40.3.8902/W32 for ARM        06/Sep/2016  15:28:50
# Copyright 1999-2015 IAR Systems AB.
#
#    Cpu mode     =  thumb
#    Endian       =  little
#    Source file  =  
#        E:\Comprehensive version\SVC-C-Rev14 Alg
#        3-1.1-1\modules\Source\Timer_1.c
#    Command line =  
#        "E:\Comprehensive version\SVC-C-Rev14 Alg
#        3-1.1-1\modules\Source\Timer_1.c" -D USE_STDPERIPH_DRIVER -D
#        STM32F40XX -lC "E:\Comprehensive version\SVC-C-Rev14 Alg
#        3-1.1-1\Debug\List\" -o "E:\Comprehensive version\SVC-C-Rev14 Alg
#        3-1.1-1\Debug\Obj\" --no_cse --no_unroll --no_inline --no_code_motion
#        --no_tbaa --no_clustering --no_scheduling --debug --endian=little
#        --cpu=Cortex-M4 -e --fpu=VFPv4_sp --dlib_config "C:\Program Files
#        (x86)\IAR Systems\Embedded Workbench
#        7.2\arm\INC\c\DLib_Config_Normal.h" -I "E:\Comprehensive
#       " -I
#        E:\Ekhtiyar\Codes\Ventilator\Board\C-Trans\SVC-C-preRev14-1\board\ -I
#        E:\Ekhtiyar\Codes\Ventilator\Board\C-Trans\SVC-C-preRev14-1\app\ -I
#        E:\Ekhtiyar\Codes\Ventilator\Board\C-Trans\SVC-C-preRev14-1\Libraries\CMSIS\Device\ST\STM32F4xx\Include\
#        -I
#        E:\Ekhtiyar\Codes\Ventilator\Board\C-Trans\SVC-C-preRev14-1\Libraries\STM32F4xx_StdPeriph_Driver\inc\
#        -I
#        E:\Ekhtiyar\Codes\Ventilator\Board\C-Trans\SVC-C-preRev14-1\modules\Header\
#        -On --use_c++_inline -I "E:\Program Files (x86)\IAR Systems\Embedded
#        Workbench 7.2\arm\CMSIS\Include\" --relaxed_fp
#    List file    =  
#        E:\Ekhtiyar\Codes\Ventilator\Board\C-Trans\SVC-C-preRev14-1\Debug\List\test.lst
#    Object file  =  
#        E:\Ekhtiyar\Codes\Ventilator\Board\C-Trans\SVC-C-preRev14-1\Debug\Obj\test.o
#
###############################################################################

E:\Ekhtiyar\Codes\Ventilator\Board\C-Trans\SVC-C-preRev14-1\modules\Source\test.c
      1          
      2          #include  "../Header/test.h"
      3          

   \                                 In section .text, align 2, keep-with-next
      4          Uint  test(void)
      5          {
      6            return 54;
   \                     test: (+1)
   \   00000000   0x2036             MOVS     R0,#+54
   \   00000002   0x4770             BX       LR               ;; return
      7          }

   Maximum stack usage in bytes:

   .cstack Function
   ------- --------
       0   test


   Section sizes:

   Bytes  Function/Label
   -----  --------------
       4  test

 
 4 bytes in section .text
 
 4 bytes of CODE memory

Errors: none
Warnings: none
